[0.200s] Invoking command in '/home/darragh/formula_trinity/fsai/acceleration_test/build/costom_msg': /usr/bin/cmake /home/darragh/formula_trinity/fsai/acceleration_test/src/costom_msg -DCMAKE_INSTALL_PREFIX=/home/darragh/formula_trinity/fsai/acceleration_test/install/costom_msg
[0.220s] -- Found ament_cmake: 1.1.6 (/opt/ros/galactic/share/ament_cmake/cmake)
[0.248s] -- Found PythonInterp: /usr/bin/python3 (found suitable version "3.8.10", minimum required is "3") 
[0.248s] -- Using PYTHON_EXECUTABLE: /usr/bin/python3
[0.312s] -- Found rosidl_default_generators: 1.1.1 (/opt/ros/galactic/share/rosidl_default_generators/cmake)
[0.316s] -- Using all available rosidl_typesupport_c: rosidl_typesupport_fastrtps_c;rosidl_typesupport_introspection_c
[0.319s] -- Found rosidl_adapter: 2.2.3 (/opt/ros/galactic/share/rosidl_adapter/cmake)
[0.463s] -- Using all available rosidl_typesupport_cpp: rosidl_typesupport_fastrtps_cpp;rosidl_typesupport_introspection_cpp
[0.512s] -- Found PythonInterp: /usr/bin/python3 (found version "3.8.10") 
[0.606s] Error parsing '/home/darragh/formula_trinity/fsai/acceleration_test/src/costom_msg/package.xml':
[0.699s] Traceback (most recent call last):
[0.699s]   File "/usr/lib/python3/dist-packages/catkin_pkg/package.py", line 610, in parse_package_string
[0.699s]     root = dom.parseString(data)
[0.699s]   File "/usr/lib/python3.8/xml/dom/minidom.py", line 1969, in parseString
[0.699s]     return expatbuilder.parseString(string)
[0.699s]   File "/usr/lib/python3.8/xml/dom/expatbuilder.py", line 925, in parseString
[0.699s]     return builder.parseString(string)
[0.699s]   File "/usr/lib/python3.8/xml/dom/expatbuilder.py", line 223, in parseString
[0.699s]     parser.Parse(string, True)
[0.700s] xml.parsers.expat.ExpatError: mismatched tag: line 11, column 47
[0.700s] 
[0.700s] During handling of the above exception, another exception occurred:
[0.700s] 
[0.700s] Traceback (most recent call last):
[0.700s]   File "/opt/ros/galactic/share/ament_cmake_core/cmake/core/package_xml_2_cmake.py", line 151, in <module>
[0.700s]     main()
[0.700s]   File "/opt/ros/galactic/share/ament_cmake_core/cmake/core/package_xml_2_cmake.py", line 54, in main
[0.700s]     raise e
[0.700s]   File "/opt/ros/galactic/share/ament_cmake_core/cmake/core/package_xml_2_cmake.py", line 50, in main
[0.701s]     package = parse_package_string(
[0.701s]   File "/usr/lib/python3/dist-packages/catkin_pkg/package.py", line 612, in parse_package_string
[0.701s]     raise InvalidPackage('The manifest contains invalid XML:\n%s' % ex, filename)
[0.701s] catkin_pkg.package.InvalidPackage: Error(s) in package '/home/darragh/formula_trinity/fsai/acceleration_test/src/costom_msg/package.xml':
[0.701s] The manifest contains invalid XML:
[0.701s] mismatched tag: line 11, column 47
[0.725s] CMake Error at /opt/ros/galactic/share/ament_cmake_core/cmake/core/ament_package_xml.cmake:94 (message):
[0.725s]   execute_process(/usr/bin/python3
[0.725s]   /opt/ros/galactic/share/ament_cmake_core/cmake/core/package_xml_2_cmake.py
[0.725s]   /home/darragh/formula_trinity/fsai/acceleration_test/src/costom_msg/package.xml
[0.725s]   /home/darragh/formula_trinity/fsai/acceleration_test/build/costom_msg/ament_cmake_core/package.cmake)
[0.725s]   returned error code 1
[0.725s] Call Stack (most recent call first):
[0.726s]   /opt/ros/galactic/share/ament_cmake_core/cmake/core/ament_package_xml.cmake:49 (_ament_package_xml)
[0.726s]   /opt/ros/galactic/share/rosidl_cmake/cmake/rosidl_generate_interfaces.cmake:226 (ament_package_xml)
[0.726s]   CMakeLists.txt:16 (rosidl_generate_interfaces)
[0.726s] 
[0.726s] 
[0.726s] -- Configuring incomplete, errors occurred!
[0.726s] See also "/home/darragh/formula_trinity/fsai/acceleration_test/build/costom_msg/CMakeFiles/CMakeOutput.log".
[0.731s] Invoked command in '/home/darragh/formula_trinity/fsai/acceleration_test/build/costom_msg' returned '1': /usr/bin/cmake /home/darragh/formula_trinity/fsai/acceleration_test/src/costom_msg -DCMAKE_INSTALL_PREFIX=/home/darragh/formula_trinity/fsai/acceleration_test/install/costom_msg
