[0.184s] Invoking command in '/home/darragh/formula_trinity/fsai/acceleration_test/build/costom_msg': /usr/bin/cmake /home/darragh/formula_trinity/fsai/acceleration_test/src/costom_msg -DCMAKE_INSTALL_PREFIX=/home/darragh/formula_trinity/fsai/acceleration_test/install/costom_msg
[0.196s] -- Found ament_cmake: 1.1.6 (/opt/ros/galactic/share/ament_cmake/cmake)
[0.223s] -- Using PYTHON_EXECUTABLE: /usr/bin/python3
[0.296s] -- Found rosidl_default_generators: 1.1.1 (/opt/ros/galactic/share/rosidl_default_generators/cmake)
[0.306s] -- Using all available rosidl_typesupport_c: rosidl_typesupport_fastrtps_c;rosidl_typesupport_introspection_c
[0.325s] -- Found rosidl_adapter: 2.2.3 (/opt/ros/galactic/share/rosidl_adapter/cmake)
[0.503s] -- Found OpenSSL: /usr/lib/x86_64-linux-gnu/libcrypto.so (found version "1.1.1f")  
[0.536s] -- Found FastRTPS: /opt/ros/galactic/include  
[0.643s] -- Using all available rosidl_typesupport_cpp: rosidl_typesupport_fastrtps_cpp;rosidl_typesupport_introspection_cpp
[0.708s] -- Found PythonInterp: /usr/bin/python3 (found version "3.8.10") 
[0.808s] Error parsing '/home/darragh/formula_trinity/fsai/acceleration_test/src/costom_msg/package.xml':
[0.899s] Traceback (most recent call last):
[0.899s]   File "/usr/lib/python3/dist-packages/catkin_pkg/package.py", line 610, in parse_package_string
[0.900s]     root = dom.parseString(data)
[0.900s]   File "/usr/lib/python3.8/xml/dom/minidom.py", line 1969, in parseString
[0.900s]     return expatbuilder.parseString(string)
[0.900s]   File "/usr/lib/python3.8/xml/dom/expatbuilder.py", line 925, in parseString
[0.900s]     return builder.parseString(string)
[0.900s]   File "/usr/lib/python3.8/xml/dom/expatbuilder.py", line 223, in parseString
[0.900s]     parser.Parse(string, True)
[0.901s] xml.parsers.expat.ExpatError: mismatched tag: line 11, column 47
[0.901s] 
[0.901s] During handling of the above exception, another exception occurred:
[0.901s] 
[0.901s] Traceback (most recent call last):
[0.901s]   File "/opt/ros/galactic/share/ament_cmake_core/cmake/core/package_xml_2_cmake.py", line 151, in <module>
[0.902s]     main()
[0.902s]   File "/opt/ros/galactic/share/ament_cmake_core/cmake/core/package_xml_2_cmake.py", line 54, in main
[0.902s]     raise e
[0.902s]   File "/opt/ros/galactic/share/ament_cmake_core/cmake/core/package_xml_2_cmake.py", line 50, in main
[0.902s]     package = parse_package_string(
[0.902s]   File "/usr/lib/python3/dist-packages/catkin_pkg/package.py", line 612, in parse_package_string
[0.902s]     raise InvalidPackage('The manifest contains invalid XML:\n%s' % ex, filename)
[0.903s] catkin_pkg.package.InvalidPackage: Error(s) in package '/home/darragh/formula_trinity/fsai/acceleration_test/src/costom_msg/package.xml':
[0.903s] The manifest contains invalid XML:
[0.903s] mismatched tag: line 11, column 47
[0.924s] CMake Error at /opt/ros/galactic/share/ament_cmake_core/cmake/core/ament_package_xml.cmake:94 (message):
[0.924s]   execute_process(/usr/bin/python3
[0.925s]   /opt/ros/galactic/share/ament_cmake_core/cmake/core/package_xml_2_cmake.py
[0.925s]   /home/darragh/formula_trinity/fsai/acceleration_test/src/costom_msg/package.xml
[0.925s]   /home/darragh/formula_trinity/fsai/acceleration_test/build/costom_msg/ament_cmake_core/package.cmake)
[0.925s]   returned error code 1
[0.925s] Call Stack (most recent call first):
[0.925s]   /opt/ros/galactic/share/ament_cmake_core/cmake/core/ament_package_xml.cmake:49 (_ament_package_xml)
[0.925s]   /opt/ros/galactic/share/rosidl_cmake/cmake/rosidl_generate_interfaces.cmake:226 (ament_package_xml)
[0.925s]   CMakeLists.txt:16 (rosidl_generate_interfaces)
[0.926s] 
[0.926s] 
[0.926s] -- Configuring incomplete, errors occurred!
[0.926s] See also "/home/darragh/formula_trinity/fsai/acceleration_test/build/costom_msg/CMakeFiles/CMakeOutput.log".
[0.935s] Invoked command in '/home/darragh/formula_trinity/fsai/acceleration_test/build/costom_msg' returned '1': /usr/bin/cmake /home/darragh/formula_trinity/fsai/acceleration_test/src/costom_msg -DCMAKE_INSTALL_PREFIX=/home/darragh/formula_trinity/fsai/acceleration_test/install/costom_msg
